---
source: src/tests.rs
expression: "&r.tokens"
---
Tokens {
    index: RefCell {
        value: 39,
    },
    tokens: [
        IMPORT(
            Token {
                raw: "import",
                position: Position {
                    column: 0,
                    line: 1,
                },
            },
        ),
        COL(
            Token {
                raw: ":",
                position: Position {
                    column: 6,
                    line: 1,
                },
            },
        ),
        RAWIDENT(
            Token {
                raw: "`@std/util`",
                position: Position {
                    column: 4,
                    line: 2,
                },
            },
        ),
        CBRACKETOPEN(
            Token {
                raw: "{",
                position: Position {
                    column: 15,
                    line: 2,
                },
            },
        ),
        IDENT(
            Token {
                raw: "pipe",
                position: Position {
                    column: 17,
                    line: 2,
                },
            },
        ),
        COMMA(
            Token {
                raw: ",",
                position: Position {
                    column: 21,
                    line: 2,
                },
            },
        ),
        IDENT(
            Token {
                raw: "match",
                position: Position {
                    column: 23,
                    line: 2,
                },
            },
        ),
        CBRACKETCLOSE(
            Token {
                raw: "}",
                position: Position {
                    column: 29,
                    line: 2,
                },
            },
        ),
        COMMA(
            Token {
                raw: ",",
                position: Position {
                    column: 30,
                    line: 2,
                },
            },
        ),
        RAWIDENT(
            Token {
                raw: "`@std/math`",
                position: Position {
                    column: 4,
                    line: 3,
                },
            },
        ),
        SEMI(
            Token {
                raw: ";",
                position: Position {
                    column: 15,
                    line: 3,
                },
            },
        ),
        PIPE(
            Token {
                raw: "|",
                position: Position {
                    column: 0,
                    line: 5,
                },
            },
        ),
        IDENT(
            Token {
                raw: "A",
                position: Position {
                    column: 4,
                    line: 5,
                },
            },
        ),
        BRACKETOPEN(
            Token {
                raw: "(",
                position: Position {
                    column: 5,
                    line: 5,
                },
            },
        ),
        PUB(
            Token {
                raw: "pub",
                position: Position {
                    column: 8,
                    line: 6,
                },
            },
        ),
        IDENT(
            Token {
                raw: "test",
                position: Position {
                    column: 12,
                    line: 6,
                },
            },
        ),
        EQUAL(
            Token {
                raw: "=",
                position: Position {
                    column: 17,
                    line: 6,
                },
            },
        ),
        TEXTLITERAL(
            Token {
                raw: "\"fsldkjf\"",
                position: Position {
                    column: 19,
                    line: 6,
                },
            },
        ),
        SEMI(
            Token {
                raw: ";",
                position: Position {
                    column: 28,
                    line: 6,
                },
            },
        ),
        BRACKETCLOSE(
            Token {
                raw: ")",
                position: Position {
                    column: 4,
                    line: 7,
                },
            },
        ),
        SEMI(
            Token {
                raw: ";",
                position: Position {
                    column: 5,
                    line: 7,
                },
            },
        ),
        PIPE(
            Token {
                raw: "|",
                position: Position {
                    column: 0,
                    line: 9,
                },
            },
        ),
        IDENT(
            Token {
                raw: "B",
                position: Position {
                    column: 4,
                    line: 9,
                },
            },
        ),
        BRACKETOPEN(
            Token {
                raw: "(",
                position: Position {
                    column: 5,
                    line: 9,
                },
            },
        ),
        IDENT(
            Token {
                raw: "val",
                position: Position {
                    column: 8,
                    line: 10,
                },
            },
        ),
        EQUAL(
            Token {
                raw: "=",
                position: Position {
                    column: 12,
                    line: 10,
                },
            },
        ),
        IDENT(
            Token {
                raw: "false",
                position: Position {
                    column: 14,
                    line: 10,
                },
            },
        ),
        SEMI(
            Token {
                raw: ";",
                position: Position {
                    column: 19,
                    line: 10,
                },
            },
        ),
        BRACKETCLOSE(
            Token {
                raw: ")",
                position: Position {
                    column: 4,
                    line: 11,
                },
            },
        ),
        SEMI(
            Token {
                raw: ";",
                position: Position {
                    column: 5,
                    line: 11,
                },
            },
        ),
        IDENT(
            Token {
                raw: "fnForAll",
                position: Position {
                    column: 0,
                    line: 14,
                },
            },
        ),
        BRACKETOPEN(
            Token {
                raw: "(",
                position: Position {
                    column: 8,
                    line: 14,
                },
            },
        ),
        IDENT(
            Token {
                raw: "a",
                position: Position {
                    column: 9,
                    line: 14,
                },
            },
        ),
        BRACKETCLOSE(
            Token {
                raw: ")",
                position: Position {
                    column: 10,
                    line: 14,
                },
            },
        ),
        EQUAL(
            Token {
                raw: "=",
                position: Position {
                    column: 12,
                    line: 14,
                },
            },
        ),
        IDENT(
            Token {
                raw: "this",
                position: Position {
                    column: 14,
                    line: 14,
                },
            },
        ),
        PLUS(
            Token {
                raw: "+",
                position: Position {
                    column: 19,
                    line: 14,
                },
            },
        ),
        IDENT(
            Token {
                raw: "a",
                position: Position {
                    column: 21,
                    line: 14,
                },
            },
        ),
        SEMI(
            Token {
                raw: ";",
                position: Position {
                    column: 22,
                    line: 14,
                },
            },
        ),
    ],
}
